// Jest Snapshot v1, https://goo.gl/fbAQLP

exports[`WidgetButton matches html snapshot 1`] = `
<span
  class="buttonParent"
>
  <fieldset
    class="button noSelect"
    id="testWidget"
  >
    <span
      class="bgImage"
    />
     
    <span
      class="slot"
    />
     
    <p
      class="textProp marginLeft2 marginRight2"
    >
      button text
    </p>
  </fieldset>
</span>
`;
